
> client@0.1.0 build
> GENERATE_SOURCEMAP=false INLINE_RUNTIME_CHUNK=false react-scripts build

Creating an optimized production build...
Browserslist: browsers data (caniuse-lite) is 10 months old. Please run:
  npx update-browserslist-db@latest
  Why you should do it regularly: https://github.com/browserslist/update-db#readme

warn - The `purge`/`content` options have changed in Tailwind CSS v3.0.
warn - Update your configuration file to eliminate this warning.
warn - https://tailwindcss.com/docs/upgrade-guide#configure-content-sources
Browserslist: browsers data (caniuse-lite) is 10 months old. Please run:
  npx update-browserslist-db@latest
  Why you should do it regularly: https://github.com/browserslist/update-db#readme
Compiled with warnings.

[eslint] 
src/pages/FitAnalysisPage.jsx
  Line 2460:23:  'handleCreateStravaLap' is assigned a value but never used  no-unused-vars

src/pages/ForgotPasswordPage.jsx
  Line 86:13:  'response' is assigned a value but never used  no-unused-vars

src/pages/ProfilePage.jsx
  Line 33:25:  'setSelectedSport' is assigned a value but never used                                                               no-unused-vars
  Line 151:6:  React Hook useEffect has a missing dependency: 'loadProfileData'. Either include it or remove the dependency array  react-hooks/exhaustive-deps
  Line 167:6:  React Hook useEffect has a missing dependency: 'selectedTitle'. Either include it or remove the dependency array    react-hooks/exhaustive-deps

src/pages/ResetPasswordPage.jsx
  Line 3:8:    'axios' is defined but never used           no-unused-vars
  Line 4:10:   'API_BASE_URL' is defined but never used    no-unused-vars
  Line 11:11:  'token' is assigned a value but never used  no-unused-vars

src/pages/SettingsPage.jsx
  Line 255:13:  'data' is assigned a value but never used  no-unused-vars

src/pages/TestingWithoutLogin.jsx
  Line 56:12:  'isMenuOpen' is assigned a value but never used  no-unused-vars

src/pages/TrainingPage.jsx
  Line 68:6:   React Hook useEffect has a missing dependency: 'loadTrainings'. Either include it or remove the dependency array  react-hooks/exhaustive-deps
  Line 90:6:   React Hook useEffect has a missing dependency: 'selectedSport'. Either include it or remove the dependency array  react-hooks/exhaustive-deps
  Line 164:9:  'parseMMSSToSeconds' is assigned a value but never used                                                           no-unused-vars

Search for the keywords to learn more about each warning.
To ignore, add // eslint-disable-next-line to the line before.

File sizes after gzip:

  988.55 kB (-2 B)  build/static/js/main.3281d76a.js
  24.24 kB          build/static/css/main.759b05bc.css

The bundle size is significantly larger than recommended.
Consider reducing it with code splitting: https://goo.gl/9VhYWB
You can also analyze the project dependencies: https://goo.gl/LeUzfb

The project was built assuming it is hosted at /.
You can control this with the homepage field in your package.json.

The build folder is ready to be deployed.
You may serve it with a static server:

  npm install -g serve
  serve -s build

Find out more about deployment here:

  https://cra.link/deployment

